// Jest Snapshot v1, https://goo.gl/fbAQLP

exports[`HomePage should match the snapshot 1`] = `
ShallowWrapper {
  Symbol(enzyme.__root__): [Circular],
  Symbol(enzyme.__unrendered__): <HomePage />,
  Symbol(enzyme.__renderer__): Object {
    "batchedUpdates": [Function],
    "getNode": [Function],
    "render": [Function],
    "simulateError": [Function],
    "simulateEvent": [Function],
    "unmount": [Function],
  },
  Symbol(enzyme.__node__): Object {
    "instance": null,
    "key": undefined,
    "nodeType": "host",
    "props": Object {
      "children": Array [
        <div
          className="gif-container"
        >
          <div
            className="gif-title"
          >
            View Methods
          </div>
          <div>
            <img
              alt="View methods"
              className="hopepage-gif"
              height="250px"
              src="view.gif"
            />
          </div>
        </div>,
        <div
          className="gif-container"
        >
          <div
            className="gif-title"
          >
            Save Favorites
          </div>
          <div>
            <img
              alt="View methods"
              className="hopepage-gif"
              height="250px"
              src="saveF.gif"
            />
          </div>
        </div>,
        <div
          className="gif-container"
        >
          <div
            className="gif-title"
          >
            View Favorites
          </div>
          <div>
            <img
              alt="View methods"
              className="hopepage-gif"
              height="250px"
              src="viewF.gif"
            />
          </div>
        </div>,
      ],
      "className": "homepage-container",
    },
    "ref": null,
    "rendered": Array [
      Object {
        "instance": null,
        "key": undefined,
        "nodeType": "host",
        "props": Object {
          "children": Array [
            <div
              className="gif-title"
            >
              View Methods
            </div>,
            <div>
              <img
                alt="View methods"
                className="hopepage-gif"
                height="250px"
                src="view.gif"
              />
            </div>,
          ],
          "className": "gif-container",
        },
        "ref": null,
        "rendered": Array [
          Object {
            "instance": null,
            "key": undefined,
            "nodeType": "host",
            "props": Object {
              "children": "View Methods",
              "className": "gif-title",
            },
            "ref": null,
            "rendered": "View Methods",
            "type": "div",
          },
          Object {
            "instance": null,
            "key": undefined,
            "nodeType": "host",
            "props": Object {
              "children": <img
                alt="View methods"
                className="hopepage-gif"
                height="250px"
                src="view.gif"
              />,
            },
            "ref": null,
            "rendered": Object {
              "instance": null,
              "key": undefined,
              "nodeType": "host",
              "props": Object {
                "alt": "View methods",
                "className": "hopepage-gif",
                "height": "250px",
                "src": "view.gif",
              },
              "ref": null,
              "rendered": null,
              "type": "img",
            },
            "type": "div",
          },
        ],
        "type": "div",
      },
      Object {
        "instance": null,
        "key": undefined,
        "nodeType": "host",
        "props": Object {
          "children": Array [
            <div
              className="gif-title"
            >
              Save Favorites
            </div>,
            <div>
              <img
                alt="View methods"
                className="hopepage-gif"
                height="250px"
                src="saveF.gif"
              />
            </div>,
          ],
          "className": "gif-container",
        },
        "ref": null,
        "rendered": Array [
          Object {
            "instance": null,
            "key": undefined,
            "nodeType": "host",
            "props": Object {
              "children": "Save Favorites",
              "className": "gif-title",
            },
            "ref": null,
            "rendered": "Save Favorites",
            "type": "div",
          },
          Object {
            "instance": null,
            "key": undefined,
            "nodeType": "host",
            "props": Object {
              "children": <img
                alt="View methods"
                className="hopepage-gif"
                height="250px"
                src="saveF.gif"
              />,
            },
            "ref": null,
            "rendered": Object {
              "instance": null,
              "key": undefined,
              "nodeType": "host",
              "props": Object {
                "alt": "View methods",
                "className": "hopepage-gif",
                "height": "250px",
                "src": "saveF.gif",
              },
              "ref": null,
              "rendered": null,
              "type": "img",
            },
            "type": "div",
          },
        ],
        "type": "div",
      },
      Object {
        "instance": null,
        "key": undefined,
        "nodeType": "host",
        "props": Object {
          "children": Array [
            <div
              className="gif-title"
            >
              View Favorites
            </div>,
            <div>
              <img
                alt="View methods"
                className="hopepage-gif"
                height="250px"
                src="viewF.gif"
              />
            </div>,
          ],
          "className": "gif-container",
        },
        "ref": null,
        "rendered": Array [
          Object {
            "instance": null,
            "key": undefined,
            "nodeType": "host",
            "props": Object {
              "children": "View Favorites",
              "className": "gif-title",
            },
            "ref": null,
            "rendered": "View Favorites",
            "type": "div",
          },
          Object {
            "instance": null,
            "key": undefined,
            "nodeType": "host",
            "props": Object {
              "children": <img
                alt="View methods"
                className="hopepage-gif"
                height="250px"
                src="viewF.gif"
              />,
            },
            "ref": null,
            "rendered": Object {
              "instance": null,
              "key": undefined,
              "nodeType": "host",
              "props": Object {
                "alt": "View methods",
                "className": "hopepage-gif",
                "height": "250px",
                "src": "viewF.gif",
              },
              "ref": null,
              "rendered": null,
              "type": "img",
            },
            "type": "div",
          },
        ],
        "type": "div",
      },
    ],
    "type": "div",
  },
  Symbol(enzyme.__nodes__): Array [
    Object {
      "instance": null,
      "key": undefined,
      "nodeType": "host",
      "props": Object {
        "children": Array [
          <div
            className="gif-container"
          >
            <div
              className="gif-title"
            >
              View Methods
            </div>
            <div>
              <img
                alt="View methods"
                className="hopepage-gif"
                height="250px"
                src="view.gif"
              />
            </div>
          </div>,
          <div
            className="gif-container"
          >
            <div
              className="gif-title"
            >
              Save Favorites
            </div>
            <div>
              <img
                alt="View methods"
                className="hopepage-gif"
                height="250px"
                src="saveF.gif"
              />
            </div>
          </div>,
          <div
            className="gif-container"
          >
            <div
              className="gif-title"
            >
              View Favorites
            </div>
            <div>
              <img
                alt="View methods"
                className="hopepage-gif"
                height="250px"
                src="viewF.gif"
              />
            </div>
          </div>,
        ],
        "className": "homepage-container",
      },
      "ref": null,
      "rendered": Array [
        Object {
          "instance": null,
          "key": undefined,
          "nodeType": "host",
          "props": Object {
            "children": Array [
              <div
                className="gif-title"
              >
                View Methods
              </div>,
              <div>
                <img
                  alt="View methods"
                  className="hopepage-gif"
                  height="250px"
                  src="view.gif"
                />
              </div>,
            ],
            "className": "gif-container",
          },
          "ref": null,
          "rendered": Array [
            Object {
              "instance": null,
              "key": undefined,
              "nodeType": "host",
              "props": Object {
                "children": "View Methods",
                "className": "gif-title",
              },
              "ref": null,
              "rendered": "View Methods",
              "type": "div",
            },
            Object {
              "instance": null,
              "key": undefined,
              "nodeType": "host",
              "props": Object {
                "children": <img
                  alt="View methods"
                  className="hopepage-gif"
                  height="250px"
                  src="view.gif"
                />,
              },
              "ref": null,
              "rendered": Object {
                "instance": null,
                "key": undefined,
                "nodeType": "host",
                "props": Object {
                  "alt": "View methods",
                  "className": "hopepage-gif",
                  "height": "250px",
                  "src": "view.gif",
                },
                "ref": null,
                "rendered": null,
                "type": "img",
              },
              "type": "div",
            },
          ],
          "type": "div",
        },
        Object {
          "instance": null,
          "key": undefined,
          "nodeType": "host",
          "props": Object {
            "children": Array [
              <div
                className="gif-title"
              >
                Save Favorites
              </div>,
              <div>
                <img
                  alt="View methods"
                  className="hopepage-gif"
                  height="250px"
                  src="saveF.gif"
                />
              </div>,
            ],
            "className": "gif-container",
          },
          "ref": null,
          "rendered": Array [
            Object {
              "instance": null,
              "key": undefined,
              "nodeType": "host",
              "props": Object {
                "children": "Save Favorites",
                "className": "gif-title",
              },
              "ref": null,
              "rendered": "Save Favorites",
              "type": "div",
            },
            Object {
              "instance": null,
              "key": undefined,
              "nodeType": "host",
              "props": Object {
                "children": <img
                  alt="View methods"
                  className="hopepage-gif"
                  height="250px"
                  src="saveF.gif"
                />,
              },
              "ref": null,
              "rendered": Object {
                "instance": null,
                "key": undefined,
                "nodeType": "host",
                "props": Object {
                  "alt": "View methods",
                  "className": "hopepage-gif",
                  "height": "250px",
                  "src": "saveF.gif",
                },
                "ref": null,
                "rendered": null,
                "type": "img",
              },
              "type": "div",
            },
          ],
          "type": "div",
        },
        Object {
          "instance": null,
          "key": undefined,
          "nodeType": "host",
          "props": Object {
            "children": Array [
              <div
                className="gif-title"
              >
                View Favorites
              </div>,
              <div>
                <img
                  alt="View methods"
                  className="hopepage-gif"
                  height="250px"
                  src="viewF.gif"
                />
              </div>,
            ],
            "className": "gif-container",
          },
          "ref": null,
          "rendered": Array [
            Object {
              "instance": null,
              "key": undefined,
              "nodeType": "host",
              "props": Object {
                "children": "View Favorites",
                "className": "gif-title",
              },
              "ref": null,
              "rendered": "View Favorites",
              "type": "div",
            },
            Object {
              "instance": null,
              "key": undefined,
              "nodeType": "host",
              "props": Object {
                "children": <img
                  alt="View methods"
                  className="hopepage-gif"
                  height="250px"
                  src="viewF.gif"
                />,
              },
              "ref": null,
              "rendered": Object {
                "instance": null,
                "key": undefined,
                "nodeType": "host",
                "props": Object {
                  "alt": "View methods",
                  "className": "hopepage-gif",
                  "height": "250px",
                  "src": "viewF.gif",
                },
                "ref": null,
                "rendered": null,
                "type": "img",
              },
              "type": "div",
            },
          ],
          "type": "div",
        },
      ],
      "type": "div",
    },
  ],
  Symbol(enzyme.__options__): Object {
    "adapter": ReactSixteenAdapter {
      "options": Object {
        "enableComponentDidUpdateOnSetState": true,
        "lifecycles": Object {
          "componentDidUpdate": Object {
            "onSetState": true,
          },
          "getDerivedStateFromProps": true,
          "getSnapshotBeforeUpdate": true,
          "setState": Object {
            "skipsComponentDidUpdateOnNullish": true,
          },
        },
      },
    },
  },
}
`;
